// Jest Snapshot v1, https://goo.gl/fbAQLP

exports[`presentation/Navbar should match snapshot 1`] = `
Object {
  "asFragment": [Function],
  "baseElement": <body>
    <div>
      <div
        class="MuiBox-root css-ss5agw"
      >
        <header
          class="MuiPaper-root MuiPaper-elevation MuiPaper-elevation4 MuiAppBar-root MuiAppBar-colorSecondary MuiAppBar-positionStatic css-1wjib2q-MuiPaper-root-MuiAppBar-root"
        >
          <div
            class="MuiToolbar-root MuiToolbar-gutters MuiToolbar-regular css-hyum1k-MuiToolbar-root"
          >
            <div
              class="MuiBox-root css-0"
              style="width: 100%; max-width: 1200px; display: flex; margin: 0px auto;"
            >
              <div
                class="MuiBox-root css-i9gxme"
              >
                <a
                  class="MuiButton-root MuiButton-text MuiButton-textPrimary MuiButton-sizeMedium MuiButton-textSizeMedium MuiButtonBase-root  css-1hn593o-MuiButtonBase-root-MuiButton-root"
                  href="/"
                  tabindex="0"
                >
                  <img
                    alt="Gaming Academy"
                    src="logo.png"
                    style="height: 42px;"
                  />
                  <span
                    class="MuiTouchRipple-root css-8je8zh-MuiTouchRipple-root"
                  />
                </a>
              </div>
              <div
                class="MuiBox-root css-i9gxme"
              />
              <button
                class="MuiButton-root MuiButton-text MuiButton-textPrimary MuiButton-sizeMedium MuiButton-textSizeMedium MuiButtonBase-root  css-1f7ulx7-MuiButtonBase-root-MuiButton-root"
                tabindex="0"
                type="button"
              >
                Registrar
                <span
                  class="MuiTouchRipple-root css-8je8zh-MuiTouchRipple-root"
                />
              </button>
              <button
                class="MuiButton-root MuiButton-text MuiButton-textPrimary MuiButton-sizeMedium MuiButton-textSizeMedium MuiButtonBase-root  css-lg1zh9-MuiButtonBase-root-MuiButton-root"
                tabindex="0"
                type="button"
              >
                Login
                <span
                  class="MuiTouchRipple-root css-8je8zh-MuiTouchRipple-root"
                />
              </button>
            </div>
          </div>
        </header>
      </div>
    </div>
  </body>,
  "container": <div>
    <div
      class="MuiBox-root css-ss5agw"
    >
      <header
        class="MuiPaper-root MuiPaper-elevation MuiPaper-elevation4 MuiAppBar-root MuiAppBar-colorSecondary MuiAppBar-positionStatic css-1wjib2q-MuiPaper-root-MuiAppBar-root"
      >
        <div
          class="MuiToolbar-root MuiToolbar-gutters MuiToolbar-regular css-hyum1k-MuiToolbar-root"
        >
          <div
            class="MuiBox-root css-0"
            style="width: 100%; max-width: 1200px; display: flex; margin: 0px auto;"
          >
            <div
              class="MuiBox-root css-i9gxme"
            >
              <a
                class="MuiButton-root MuiButton-text MuiButton-textPrimary MuiButton-sizeMedium MuiButton-textSizeMedium MuiButtonBase-root  css-1hn593o-MuiButtonBase-root-MuiButton-root"
                href="/"
                tabindex="0"
              >
                <img
                  alt="Gaming Academy"
                  src="logo.png"
                  style="height: 42px;"
                />
                <span
                  class="MuiTouchRipple-root css-8je8zh-MuiTouchRipple-root"
                />
              </a>
            </div>
            <div
              class="MuiBox-root css-i9gxme"
            />
            <button
              class="MuiButton-root MuiButton-text MuiButton-textPrimary MuiButton-sizeMedium MuiButton-textSizeMedium MuiButtonBase-root  css-1f7ulx7-MuiButtonBase-root-MuiButton-root"
              tabindex="0"
              type="button"
            >
              Registrar
              <span
                class="MuiTouchRipple-root css-8je8zh-MuiTouchRipple-root"
              />
            </button>
            <button
              class="MuiButton-root MuiButton-text MuiButton-textPrimary MuiButton-sizeMedium MuiButton-textSizeMedium MuiButtonBase-root  css-lg1zh9-MuiButtonBase-root-MuiButton-root"
              tabindex="0"
              type="button"
            >
              Login
              <span
                class="MuiTouchRipple-root css-8je8zh-MuiTouchRipple-root"
              />
            </button>
          </div>
        </div>
      </header>
    </div>
  </div>,
  "debug": [Function],
  "findAllByAltText": [Function],
  "findAllByDisplayValue": [Function],
  "findAllByLabelText": [Function],
  "findAllByPlaceholderText": [Function],
  "findAllByRole": [Function],
  "findAllByTestId": [Function],
  "findAllByText": [Function],
  "findAllByTitle": [Function],
  "findByAltText": [Function],
  "findByDisplayValue": [Function],
  "findByLabelText": [Function],
  "findByPlaceholderText": [Function],
  "findByRole": [Function],
  "findByTestId": [Function],
  "findByText": [Function],
  "findByTitle": [Function],
  "getAllByAltText": [Function],
  "getAllByDisplayValue": [Function],
  "getAllByLabelText": [Function],
  "getAllByPlaceholderText": [Function],
  "getAllByRole": [Function],
  "getAllByTestId": [Function],
  "getAllByText": [Function],
  "getAllByTitle": [Function],
  "getByAltText": [Function],
  "getByDisplayValue": [Function],
  "getByLabelText": [Function],
  "getByPlaceholderText": [Function],
  "getByRole": [Function],
  "getByTestId": [Function],
  "getByText": [Function],
  "getByTitle": [Function],
  "queryAllByAltText": [Function],
  "queryAllByDisplayValue": [Function],
  "queryAllByLabelText": [Function],
  "queryAllByPlaceholderText": [Function],
  "queryAllByRole": [Function],
  "queryAllByTestId": [Function],
  "queryAllByText": [Function],
  "queryAllByTitle": [Function],
  "queryByAltText": [Function],
  "queryByDisplayValue": [Function],
  "queryByLabelText": [Function],
  "queryByPlaceholderText": [Function],
  "queryByRole": [Function],
  "queryByTestId": [Function],
  "queryByText": [Function],
  "queryByTitle": [Function],
  "rerender": [Function],
  "unmount": [Function],
}
`;
